exports[`<FeatureFirstContainer /> renders with default props 1`] = `
<FeatureFirstContainer
  actions={
    Object {
      "clearDataError": [Function anonymous],
      "loadDataFailure": [Function anonymous],
      "loadDataInitiation": [Function anonymous],
      "loadDataSuccess": [Function anonymous]
    }
  }
  isLoading={false}
  store={
    Object {
      "clearActions": [Function clearActions],
      "dispatch": [Function anonymous],
      "getActions": [Function getActions],
      "getState": [Function getState],
      "replaceReducer": [Function replaceReducer],
      "subscribe": [Function subscribe]
    }
  } />
`;
