exports[`<Header /> should render with default props 1`] = `
<h1>
  Hello World
</h1>
`;
