exports[`<About /> should render with default props 1`] = `
<Box
  align="center"
  announce={false}
  direction="column"
  focusable={true}
  pad="none"
  responsive={true}
  tag="div">
  <Article
    align="center"
    className="panel"
    direction="column"
    pad="large">
    <Section
      align="center"
      justify="center"
      pad={
        Object {
          "vertical": "medium",
        }
      }>
      <Heading
        tag="h1">
        Scalable React Boilerplate
      </Heading>
      <undefined />
    </Section>
    <Section
      align="center"
      justify="center"
      pad={
        Object {
          "vertical": "medium",
        }
      }>
      <Paragraph>
        This project was created to give the Udacity Alumni development team an incredibly optimized and easy to use React starter project.  Included below is the documentation for the project.
      </Paragraph>
      <Heading
        align="center"
        tag="h4">
        Since making this boilerplate, it has been used in dozens of projects.
      </Heading>
      <Box
        align="center"
        announce={false}
        direction="column"
        focusable={true}
        pad="medium"
        responsive={true}
        tag="div">
        <List
          role="list">
          <ListItem
            align="center"
            direction="row"
            pad={
              Object {
                "horizontal": "medium",
                "vertical": "small",
              }
            }
            role="listitem"
            separator="bottom">
            <Anchor
              href="https://github.com/udacityalumni/alumni-client"
              tag="a">
              Udacity Alumni Web App
            </Anchor>
          </ListItem>
          <ListItem
            align="center"
            direction="row"
            pad={
              Object {
                "horizontal": "medium",
                "vertical": "small",
              }
            }
            role="listitem"
            separator="bottom">
            <Anchor
              href="https://github.com/RyanCCollins/react-weekly"
              tag="a">
              React Weekly
            </Anchor>
          </ListItem>
        </List>
      </Box>
    </Section>
  </Article>
</Box>
`;
