exports[`<Landing /> should render with default props 1`] = `
<ConnectedForm
  actions={
    Object {
      "closeModal": [Function],
      "fakeSubmission": [Function],
      "loadDataInitiation": [Function],
      "loadDataSuccess": [Function],
      "openModal": [Function],
    }
  }
  contributors={
    Array [
      Object {
        "avatar": "https://avatars.githubusercontent.com/u/13810084?v=3",
        "bio": "Experienced Software Engineer specializing in implementing cutting-edge technologies in a multitude of domains, focusing on React and Front End.  Weekend Data Scientist and Functional Programmer.",
        "github": "ryanccollins",
        "name": "Ryan Collins",
      },
      Object {
        "avatar": "https://avatars.githubusercontent.com/u/13679375?v=3",
        "bio": "I started to code about 2 years ago and have been very focused on developing cutting edge UI components.I have a passion for functional programming, and I love creating environments that make it easier for developers to write consistent, testable code.",
        "github": "adai183",
        "name": "Andreas Daiminger",
      },
    ]
  }
  isLoading={false}
  isShowingModal={false}
  name={null}
  store={
    Object {
      "clearActions": [Function],
      "dispatch": [Function],
      "getActions": [Function],
      "getState": [Function],
      "replaceReducer": [Function],
      "subscribe": [Function],
    }
  } />
`;
