exports[`<WelcomeModal /> should render with default props 1`] = `
<Layer
  align="center"
  closer={true}
  hidden={true}
  onClose={[Function]}>
  <Box
    align="center"
    announce={false}
    direction="column"
    focusable={true}
    justify="center"
    pad="large"
    responsive={true}
    tag="div">
    <Heading
      align="center"
      tag="h1">
      What should we call you?
    </Heading>
    <undefined />
    <Form
      compact={false}
      fill={false}
      pad="none">
      <FormFields>
        <FormField
          error="Value Required"
          help="What should we call you?"
          htmlFor="nameInput"
          label="Enter your name"
          size="medium"
          strong={false}>
          <input
            active={false}
            aria-invalid="Value Required"
            aria-required={true}
            autoComplete="on"
            autoFocus={true}
            autofilled={false}
            className="input"
            dirty={false}
            error="Value Required"
            id="nameInput"
            initialValue=""
            invalid={true}
            name="name"
            placeholder="Ryan Collins"
            pristine={true}
            required={true}
            touched={true}
            type="text"
            valid={false}
            value=""
            visited={true} />
        </FormField>
      </FormFields>
    </Form>
    <Footer
      align="center"
      direction="row"
      justify="center"
      pad="large"
      responsive={false}>
      <Button
        label="Submit"
        onClick={[Function]}
        primary={true}
        type="button" />
    </Footer>
  </Box>
</Layer>
`;
