exports[`<Divider /> should render with default props 1`] = `<span />`;
